{"accounts":[{"account":{"active":true,"allocationHistory":[{"allocationId":"UJowHzU5CNZ3UAOb3DLoWw","credTimestampMs":1573344000000,"grainReceipt":{"amount":"955230194734145601536","id":"YX6zzoNxYwGgLduJqWVoAg"}},{"allocationId":"ximmXfNmDZzmzvKBiongqQ","credTimestampMs":1610236800000,"grainReceipt":{"amount":"477828294491848966144","id":"YX6zzoNxYwGgLduJqWVoAg"}}],"balance":"1283058489225994567680","identity":{"address":"N\u0000sourcecred\u0000core\u0000IDENTITY\u0000USER\u0000YX6zzoNxYwGgLduJqWVoAg\u0000","aliases":[{"address":"N\u0000sourcecred\u0000github\u0000USERLIKE\u0000USER\u0000decentralion\u0000","description":"github/[@decentralion](https://github.com/decentralion)"},{"address":"N\u0000sourcecred\u0000discourse\u0000user\u0000https://sourcecred-test.discourse.group\u0000d11\u0000","description":"discourse/[@d11](https://sourcecred-test.discourse.group/u/d11/)"}],"id":"YX6zzoNxYwGgLduJqWVoAg","name":"dandelion","subtype":"USER"},"paid":"1433058489225994567680","payoutAddresses":{}},"cred":[9.964412806682837,4.981955257329389,5.491477850252737,4.767272434895863,2.383691433744795,1.1919022420821395,0.5960111799878318,0.29807199372197263,0.14911279715073825,2.9893671445152354,1.5028103108200466,0.7569890996491149,0.3816004728774662,0.19214683255432766,0.09651221711467625,0.03643300088087674,0.017911108410865153,0.5039168817648663,0.2515446542905307,0.1254859311713519,0.0625929239108984,0.03125394212589924,0.015643731028961383,0.007859704971617735,0.003968586717210518,0.0020152399575003054,0.0008317182645047809,0.0004033820052752623,2.202906641195654,1.1133184269430307,0.5567763016867148,0.2784891930396328,0.13933985496117426,0.06976120237581135,0.03496726589202693,0.017564360877376478,0.008854884896499946,0.004488662261177515,0.0022901198409847477,0.0011739879080626945,0.0006020507837140163,0.0003076174702380106,0.00015654890800904342,0.00007959302598663507,0.00004048844828780208,0.000020560997315376184,0.000010398464523747118,0.00000448115579817212,0.0000022369849144803406,0.0000011173329254046624,5.587450959867007e-7,2.7914294337256795e-7,1.3988296273786073e-7,6.97513664956287e-8,3.516108824661021e-8,1.735865409209099e-8,8.866519940938188e-9,1.2822068590564347e-11,3.492882385916988e-13,1.0567219292203157e-14,4.906787001961e-16,5.1745108104340604e-17,1.2665654793568439e-17,3.2487897313709546e-18,8.391015975205313e-19,2.263988148073925e-19,6.507596121482475e-20,2.0510149096657124e-20,7.246738129557673e-21,2.8708420657819932e-21,1.2471600384006662e-21,5.764971058404004e-22,2.764753350819431e-22,1.352934751818254e-22,40.050266537602376,36.481820783759545,18.23871368441423,9.117167475022043,4.556421227444538,2.2760991961406796,1.136035830225683,0.5661833124978146,0.2815591646064383,48.15606427482412,40.08052462655851,20.041695756319907,23.48982858834038,11.710819493940548,5.843416816605116,2.7270240851878076,1.3405444722715758,0.6493175713258592,0.30689089346245313,0.1399617886079498,0.06111201406044945,0.025557332810736456,0.010267581260686241,0.003963875336959241,0.0014829304470097347,0.0005533487513970374,0.00021464525613291505,0.00008895754769201321,0.000039417404310798476,0.000018373321925932653,0.000008843057032896814,0.000004334313949768766,0.0000021451844857625335,0.0000010670791020373314,5.321578175636896e-7,2.6573347188342606e-7,1.3278016475943168e-7,6.636850970505392e-8,3.317882330338088e-8,1.658807020220083e-8,8.293691529220487e-9,4.146763392580494e-9,2.07335939605487e-9,1.036674841035016e-9,5.183358907505995e-10,2.591676985773265e-10,1.2958375115724864e-10,6.479184020496453e-11,3.2395920102482265e-11,1.6197960051241133e-11,8.098980025620566e-12,4.049490012810283e-12,2.0247450064051416e-12,1.0123725032025708e-12,5.061862516012854e-13,2.530931258006427e-13,1.2654656290032135e-13,6.327328145016067e-14,3.163664072508034e-14,1.581832036254017e-14,7.909160181270084e-15,3.954580090635042e-15,1.977290045317521e-15,9.886450226587605e-16,4.943225113293803e-16,2.4716125566469013e-16,1.2358062783234507e-16,6.179031391617253e-17,3.0895156958086267e-17,1.5447578479043133e-17,7.723789239521567e-18,3.861894619760783e-18,1.9309473098803917e-18,9.654736549401958e-19,4.827368274700979e-19,1.4948726197190707e-16],"totalCred":308.52802349163466},{"account":{"active":true,"allocationHistory":[{"allocationId":"UJowHzU5CNZ3UAOb3DLoWw","credTimestampMs":1573344000000,"grainReceipt":{"amount":"44769805265854398464","id":"mbzRr0D3A2wcD1E7p0H2rQ"}},{"allocationId":"mwdon6Y7JGFxbQYnLUyGdQ","credTimestampMs":1583344000000,"grainReceipt":{"amount":"200000000000","id":"mbzRr0D3A2wcD1E7p0H2rQ"}},{"allocationId":"ximmXfNmDZzmzvKBiongqQ","credTimestampMs":1610236800000,"grainReceipt":{"amount":"27869471970970767360","id":"mbzRr0D3A2wcD1E7p0H2rQ"}}],"balance":"72639177436825165824","identity":{"address":"N\u0000sourcecred\u0000core\u0000IDENTITY\u0000USER\u0000mbzRr0D3A2wcD1E7p0H2rQ\u0000","aliases":[{"address":"N\u0000sourcecred\u0000github\u0000USERLIKE\u0000USER\u0000wchargin\u0000","description":"github/[@wchargin](https://github.com/wchargin)"}],"id":"mbzRr0D3A2wcD1E7p0H2rQ","name":"william","subtype":"USER"},"paid":"72639277436825165824","payoutAddresses":{}},"cred":[3.0355871933171628,1.5180447426706114,0.758522149747263,0.35772756510413695,0.17880856625520503,0.08934775791786041,0.04461382001216829,0.02224050627802738,0.011043452849261753,0.5907109804847651,0.2872287516799533,0.1380304316008853,0.06590929274753382,0.03160805025817233,0.01536522429157375,0.5195057198222482,0.2600582519406973,0.6350677984109149,0.31794768579736005,0.1592602388725934,0.07978016111107428,0.039932600385087086,0.01994954022653178,0.009936930656128846,0.004929731096662773,0.0024339189494363396,0.0009682757607904622,0.00045190352762464734,3.2406114021082533,1.6026946537298576,0.8011877127703555,0.40045559849806006,0.20009508664240955,0.09991612575277341,0.04982846162228432,0.024790480067794555,0.012284644703891097,0.0060536389588769605,0.0029662720789891787,0.0014498909930973944,0.0007110148621778415,0.0003512893309719675,0.00017470087783967223,0.00008700920788425149,0.00004324080388701101,0.000021461219907369356,0.000010662989313276936,0.000005930711510741654,0.000002970635710229712,0.0000014868614248404866,7.435179008515448e-7,3.719851727910894e-7,1.8574562750447146e-7,9.303182546939275e-8,4.628121420846424e-8,2.3323732370863958e-8,1.1507532502758094e-8,8.049391415742017e-11,2.7180435658168953e-12,8.889367764770268e-14,3.0199087440175724e-15,7.305520639252103e-17,1.2973598613354522e-17,3.2692980381726054e-18,8.413450567275936e-19,2.2669043095415683e-19,6.511746026108073e-20,2.0516672368007957e-20,7.247889948247781e-21,2.8710702747011715e-21,1.247209601611556e-21,5.765085626262077e-22,2.764780835722178e-22,1.3529414788138387e-22,1.865084555145204e-24,2.9845970857012253e-25,6.890900460824898e-26,1.6330209946706234e-26,3.994415124142656e-27,9.927067441214743e-28,2.4978460404650656e-28,6.394060142634902e-29,1.6795454286657337e-29,4.155865558556703e-30,9.534930980537924e-31,2.1330449693936417e-31,5.860923572042633e-32,1.3668819896389466e-32,3.302365733600065e-33,7.6380446129494286e-34,2.0178374410308216e-34,4.7972765034197233e-35,1.1973524557742252e-35,3.0051871867419965e-36,7.496308371204816e-37,1.9120518566555107e-37,4.970945631513114e-38,1.3337662122573422e-38,3.802461603015955e-39,1.1842459284315682e-39,4.122581709252896e-40,1.6090464244955386e-40,6.906977075786432e-41,3.167310288851308e-41,1.5118319891035175e-41,7.37915402151836e-42,3.644516692027475e-42,1.810988605091589e-42,9.026743451913115e-43,4.506327556081185e-43,2.2513990773780266e-43,1.125259901648187e-43,5.625192607853339e-44,2.812322980626077e-44,1.4060914695058429e-44,7.030289540988216e-45,3.5150993071605114e-45,1.7575397615283933e-45,8.787667602238691e-46,4.393828774976022e-46,2.196912385709401e-46,1.0984554703146536e-46,5.492277351573268e-47,2.746138675786634e-47,1.373069337893317e-47,6.865346689466585e-48,3.4326733447332924e-48,1.7163366723666462e-48,8.581683361833231e-49,4.2908416809166155e-49,2.1454208404583077e-49,1.0727104202291539e-49,5.363552101145769e-50,2.6817760505728847e-50,1.3408880252864423e-50,6.704440126432212e-51,3.352220063216106e-51,1.676110031608053e-51,8.380550158040265e-52,4.190275079020132e-52,2.095137539510066e-52,1.047568769755033e-52,5.237843848775165e-53,2.6189219243875827e-53,1.3094609621937913e-53,6.547304810968957e-54,3.2736524054844784e-54,1.6368262027422392e-54,8.184131013711196e-55,2.534348463262457e-52],"totalCred":15.638756452675315},{"account":{"active":false,"allocationHistory":[],"balance":"0","identity":{"address":"N\u0000sourcecred\u0000core\u0000IDENTITY\u0000USER\u0000ytxt20G2QLd8Z135K0cyUA\u0000","aliases":[{"address":"N\u0000sourcecred\u0000discourse\u0000user\u0000https://sourcecred-test.discourse.group\u0000beanow.sc-test\u0000","description":"discourse/[@beanow.sc-test](https://sourcecred-test.discourse.group/u/beanow.sc-test/)"}],"id":"ytxt20G2QLd8Z135K0cyUA","name":"beanow","subtype":"USER"},"paid":"0","payoutAddresses":{}},"cred":[0,0,0,0,0,0,0,0,0,0,0,0,0,0,0,0,0,0,0,0,0,0,0,0,0,0,0,0,0,0,0,0,0,0,0,0,0,0,0,0,0,0,0,0,0,0,0,0,0,0,0,0,0,0,0,0,0,0,0,0,0,0,0,0,0,0,0,0,0,0,0,0,0,0,0,0,0,0,0,0,0,0,0,0,0,0,0,0,0,864.2115904320714,432.12845846527813,216.08536185332744,108.06078353521458,54.044234964041756,27.031330880603836,13.520967928619287,6.763233778020549,3.3829453909158507,1.6920566759519844,0.8462527471069518,0.42320115915077866,0.21162284461275865,0.10581757591136953,0.052910413846614,0.026455625581713934,0.013227919094656817,0.00661398633398332,0.003306999888683574,0.001653501629042294,0.0008267512357118618,0.00041337572341245424,0.00020668788801034068,0.00010334395062785081,0.00005167197694961974,0.000025835988893711664,0.000012917994547299874,0.000006458997300836946,0.000003229498656341478,0.0000016147493300354212,8.073746653186807e-7,4.036873327789555e-7,2.0184366643257948e-7,1.0092183321628974e-7,5.046091660814487e-8,2.5230458304072436e-8,1.2615229152036218e-8,6.307614576018109e-9,3.1538072880090544e-9,1.5769036440045272e-9,7.884518220022636e-10,3.942259110011318e-10,1.971129555005659e-10,9.855647775028295e-11,4.9278238875141476e-11,2.4639119437570738e-11,1.2319559718785369e-11,6.1597798593926845e-12,3.0798899296963422e-12,1.5399449648481711e-12,7.699724824240856e-13,3.849862412120428e-13,1.924931206060214e-13,9.62465603030107e-14,4.812328015150535e-14,2.4061640075752674e-14,1.2030820037876337e-14,6.0154100189381684e-15,3.0077050094690842e-15,1.5038525047345421e-15,4.656922375707877e-13],"totalCred":1728.613680179955},{"account":{"active":false,"allocationHistory":[],"balance":"0","identity":{"address":"N\u0000sourcecred\u0000core\u0000IDENTITY\u0000aqOclre2pDpONTn6cxw1Ug\u0000","aliases":[{"address":"N\u0000sourcecred\u0000discourse\u0000user\u0000https://sourcecred-test.discourse.group\u0000dl-proto\u0000","description":"discourse/[@dl-proto](https://sourcecred-test.discourse.group/u/dl-proto/)"}],"id":"aqOclre2pDpONTn6cxw1Ug","name":"dl-proto","subtype":"USER"},"paid":"0","payoutAddresses":{}},"cred":[0,0,0,0,0,0,0,0,0,0,0,0,0,0,0,0,0,0,0,0,0,0,0,0,0,0,0,0,0,0,0,0,0,0,0,0,0,0,0,0,0,0,0,0,0,0,0,0,0,0,0,0,0,0,0,0,0,0,0,0,0,0,0,0,0,0,0,0,0,0,0,0,0,0,24.149971709648824,11.61830037818699,5.811347122140576,2.9078629853902416,1.4560940169928283,0.7301584296395314,0.36709298355597403,0.1853810946156599,0.09422303900600593,0.03182682700150366,0.013420924357341938,0.005277019138697906,2.5336577993890774,1.300923699924228,0.6624547803272828,0.31432128120687564,0.15746496168340735,0.07855452496323981,0.03894254613123808,0.01911173475443814,0.00921134903778533,0.004301860421010864,0.0019122016442824762,0.0007975142099488118,0.0003137838323847207,0.00012059925734095584,0.00004754315093323508,0.000019871618471742617,0.00000884357378086594,0.000004131276190676772,0.000001990583618469075,9.762025760656318e-7,4.832871222417479e-7,2.404350100510858e-7,1.199145379736789e-7,5.988151517049646e-8,2.992177224412847e-8,1.4956154683158315e-8,7.476886210257587e-9,3.738148860291452e-9,1.8689991002301305e-9,9.344814781025124e-10,4.67235852277361e-10,2.3361686012624776e-10,1.1680809514805266e-10,5.840399340194506e-11,2.9201975217167096e-11,1.460097988050314e-11,7.30048994025157e-12,3.650244970125785e-12,1.8251224850628925e-12,9.125612425314462e-13,4.562806212657231e-13,2.2814031063286156e-13,1.1407015531643078e-13,5.703507765821539e-14,2.8517538829107695e-14,1.4258769414553848e-14,7.129384707276924e-15,3.564692353638462e-15,1.782346176819231e-15,8.911730884096155e-16,4.455865442048077e-16,2.2279327210240387e-16,1.1139663605120193e-16,5.569831802560097e-17,2.7849159012800484e-17,1.3924579506400242e-17,6.962289753200121e-18,3.4811448766000604e-18,1.7405724383000302e-18,8.702862191500151e-19,4.351431095750076e-19,2.175715547875038e-19,1.087857773937519e-19,15.999999999999535],"totalCred":68.4931294862109},{"account":{"active":false,"allocationHistory":[],"balance":"0","identity":{"address":"N\u0000sourcecred\u0000core\u0000IDENTITY\u0000I1miJ58z42LP62g4MtnPNg\u0000","aliases":[{"address":"N\u0000sourcecred\u0000discourse\u0000user\u0000https://sourcecred-test.discourse.group\u0000system\u0000","description":"discourse/[@system](https://sourcecred-test.discourse.group/u/system/)"}],"id":"I1miJ58z42LP62g4MtnPNg","name":"system","subtype":"BOT"},"paid":"0","payoutAddresses":{}},"cred":[0,0,0,0,0,0,0,0,0,0,0,0,0,0,0,0,0,0,0,0,0,0,0,0,0,0,0,0,0,0,0,0,0,0,0,0,0,0,0,0,0,0,0,0,0,0,0,0,0,0,0,0,0,0,0,0,0,32.00000001129931,16.000000005701224,8.000000002852317,4.000000001426213,2.0000000007131087,1.0000000003565543,0.5000000001782772,0.2500000000891386,0.1250000000445693,0.06250000002228465,0.03125000001114232,0.01562500000557116,0.00781250000278558,0.00390625000139279,0.001953125000696395,0.0009765625003481976,0.0004882812501740988,0.000005893373890937928,9.083660136332424e-7,2.2860146734937012e-7,5.71658512608652e-8,1.4351702053664903e-8,3.6143230631995044e-9,9.156099224860104e-10,2.3515907845308145e-10,6.187248700553226e-11,1.1535448886070805e-11,2.7240683174475126e-12,6.822147578480897e-13,1.8724225256653273e-13,4.6798189681434456e-14,1.1730625841458839e-14,2.7631709107495095e-15,7.340937837893641e-16,1.7599538065440631e-16,4.4058686007941104e-17,1.1073663354848891e-17,2.764373637818061e-18,7.052875146616848e-19,1.833816690876325e-19,4.920604831712811e-20,1.4028494170052487e-20,4.36908561051773e-21,1.5209630542836686e-21,5.936331908289137e-22,2.5482244046915773e-22,1.1685311178477459e-22,5.577674992520418e-23,2.7224270445931736e-23,1.3445892013202847e-23,6.681368006291264e-24,3.3302801979617286e-24,1.662541259273014e-24,8.306195700727221e-25,4.151475876130197e-25,2.075329563942355e-25,1.0375639434816433e-25,5.187561386251702e-26,2.5937187834456437e-26,1.2968426187148848e-26,6.484176598348208e-27,3.242076786413481e-27,1.6210365388873323e-27,8.105175309177847e-28,4.052584988886921e-28,2.0262924944434604e-28,1.0131462472217302e-28,5.065731236108651e-29,2.5328656180543256e-29,1.2664328090271628e-29,6.332164045135814e-30,3.166082022567907e-30,1.5830410112839535e-30,7.915205056419767e-31,3.957602528209884e-31,1.978801264104942e-31,9.89400632052471e-32,4.947003160262355e-32,2.4735015801311773e-32,1.2367507900655887e-32,6.183753950327943e-33,3.0918769751639716e-33,1.5459384875819858e-33,7.729692437909929e-34,3.8648462189549645e-34,1.9324231094774823e-34,9.662115547387411e-35,4.831057773693706e-35,2.415528886846853e-35,1.2077644434234264e-35,6.038822217117132e-36,3.019411108558566e-36,9.350094579513563e-34],"totalCred":63.99951884815619},{"account":{"active":false,"allocationHistory":[],"balance":"0","identity":{"address":"N\u0000sourcecred\u0000core\u0000IDENTITY\u0000OkPjNksXJwGnTxgnLa1DyQ\u0000","aliases":[{"address":"N\u0000sourcecred\u0000github\u0000USERLIKE\u0000BOT\u0000credbot\u0000","description":"github/[@credbot](https://github.com/credbot)"}],"id":"OkPjNksXJwGnTxgnLa1DyQ","name":"credbot","subtype":"BOT"},"paid":"0","payoutAddresses":{}},"cred":[0,0,0,0,0,0,0,0,0,0,0,0,0,0,0,0,0,0,0,0,0,0,0,0,0,0,0.5004245854281731,0.25025700419383423,0.6820381015594608,0.34676499175879477,0.17342502175877153,0.08674972657022809,0.043412317450376686,0.02174630139839545,0.010916087249178856,0.00550106643657402,0.002788424090481488,0.0014216756253817857,0.0007255965027442049,0.0003671153101989773,0.0001824314597876753,0.00008884175162978848,0.000042624490571167616,0.000020334904339055073,0.000009739316930157725,0.000004712067329739868,0.00000230568843921865,0.0000012717038292075773,6.341649443506231e-7,3.166984342851888e-7,1.581833954269234e-7,7.909507996892705e-8,3.948300782396008e-8,1.97726070681247e-8,9.83559706149861e-9,4.956563295331581e-9,2.4454224354469826e-9,1.7107563545228958e-11,5.776797668968085e-13,1.88931292876392e-14,6.418354311217557e-16,1.5525083200521325e-17,2.7568971158650377e-18,6.947259351719492e-19,1.787858204795204e-19,4.817171357669569e-20,1.383745919119214e-20,4.359792488143896e-21,1.540176469361668e-21,6.101023747247513e-22,2.650320145708531e-22,1.2250805757751773e-22,5.875158699726268e-23,2.875000360126332e-23,3.485919192037599e-25,5.261232707993153e-26,1.3204341814365976e-26,3.297256423778507e-27,8.272106707057917e-28,2.08251416227766e-28,5.274670243579095e-29,1.3545928251143515e-29,3.563901332398761e-30,6.644371223105946e-31,1.5690325981061558e-31,3.929458709946971e-32,1.0784853579072184e-32,2.6954970466045432e-33,6.756638669362724e-34,1.5915383658506095e-34,4.2282518851625244e-35,1.0137025176893693e-35,2.537702904131469e-36,6.378235386275478e-37,1.592230591064833e-37,4.0623320049569564e-38,1.0562461492047806e-38,2.834181804537449e-39,8.08016580379813e-40,2.516516434643357e-40,8.760479567489224e-41,3.4192227245508423e-41,1.4677324189452814e-41,6.730533625760271e-42,3.212642651697294e-42,1.5680700742293933e-42,7.744597207496326e-43,3.848350407165432e-43,1.9181827948595102e-43,9.575945114865605e-44,4.784222568904201e-44,2.3911770558335037e-44,1.1953533116076997e-44,5.976185746082069e-45,2.9879440788404114e-45,1.4939363805337538e-45,7.469585293094386e-46,3.734771625939054e-46,1.8673791818219837e-46,9.336885228556407e-47,4.668438360499075e-47,2.334217644852089e-47,1.1671088224260445e-47,5.835544112130222e-48,2.917772056065111e-48,1.4588860280325556e-48,7.294430140162778e-49,3.647215070081389e-49,1.8236075350406945e-49,9.118037675203473e-50,4.559018837601736e-50,2.279509418800868e-50,1.139754709400434e-50,5.69877354700217e-51,2.849386773501085e-51,1.4246933867505426e-51,7.123466933752713e-52,3.5617334668763565e-52,1.7808667334381782e-52,8.904333667190891e-53,4.452166833595446e-53,2.226083416797723e-53,1.1130417083988614e-53,5.565208541994307e-54,2.7826042709971535e-54,1.3913021354985767e-54,6.956510677492884e-55,3.478255338746442e-55,1.739127669373221e-55,5.385489954778445e-53],"totalCred":2.1268915413682072},{"account":{"active":true,"allocationHistory":[{"allocationId":"ximmXfNmDZzmzvKBiongqQ","credTimestampMs":1610236800000,"grainReceipt":{"amount":"494302233537180266496","id":"2zWwkGHnBGXmEcYneeWAzw"}}],"balance":"644302333537180266496","identity":{"address":"N\u0000sourcecred\u0000core\u0000IDENTITY\u00002zWwkGHnBGXmEcYneeWAzw\u0000","aliases":[],"id":"2zWwkGHnBGXmEcYneeWAzw","name":"SourceCred","subtype":"PROJECT"},"paid":"494302233537180266496","payoutAddresses":{}},"cred":[0,0,0,0,0,0,0,0,0,0,0,0,0,0,0,0,0,0,0,0,0,0,0,0,0,0,0,0,0,0,0,0,0,0,0,0,0,0,0,0,0,0,0,0,0,0.0000023367142276242705,0.0000011683571138121353,5.841785569060676e-7,2.920892784530338e-7,1.460446392265169e-7,7.302231961325845e-8,3.651115980662922e-8,1.8255579903314614e-8,9.127789951657308e-9,4.563894975828653e-9,2.2819474879143267e-9,1.1409737439571633e-9,1.6000000005704873,0.8000000002852435,0.4000000001426218,0.20000000007131088,0.10000000003565544,0.05000000001782772,0.02500000000891386,0.01250000000445693,0.006250000002228465,0.0031250000011142326,0.0015625000005571163,0.0007812500002785581,0.00039062500013927907,0.00019531250006963954,0.00009765625003481977,0.000048828125017409884,0.000024414062508704942,3.2100122070312547,2.405006103515628,1.202503051757814,0.6012515258789068,0.3006257629394535,0.1503128814697267,0.07515644073486336,0.037578220367431685,0.01878911018371584,2.4093945550918576,2.0046972775459286,1.0023486387729645,1.3011743193864824,0.6505871596932411,0.32529357984662055,43.3626467899233,21.681323394961655,10.840661697480828,5.420330848740414,2.7101654243702074,1.3550827121851035,0.6775413560925517,0.3387706780462759,0.16938533902313793,0.08469266951156895,0.04234633475578449,0.02117316737789224,0.01058658368894612,0.0052932918444730595,0.0026466459222365306,0.001323322961118265,0.0006616614805591325,0.0003308307402795662,0.00016541537013978314,0.00008270768506989157,0.00004135384253494579,0.00002067692126747289,0.000010338460633736444,0.000005169230316868222,0.000002584615158434112,0.0000012923075792170558,6.461537896085279e-7,3.230768948042639e-7,1.6153844740213197e-7,8.0769223701066e-8,4.0384611850533e-8,2.0192305925266496e-8,1.0096152962633248e-8,5.048076481316624e-9,2.524038240658312e-9,1.262019120329156e-9,6.31009560164578e-10,3.15504780082289e-10,1.577523900411445e-10,7.887619502057225e-11,3.9438097510286125e-11,1.9719048755143063e-11,9.859524377571531e-12,4.929762188785766e-12,2.464881094392883e-12,1.2324405471964414e-12,6.162202735982207e-13,3.0811013679911035e-13,1.5405506839955518e-13,7.702753419977759e-14,3.8513767099888794e-14,1.9256883549944397e-14,9.628441774972199e-15,4.814220887486099e-15,2.4071104437430496e-15,1.2035552218715248e-15,6.017776109357624e-16,3.008888054678812e-16,1.504444027339406e-16,7.52222013669703e-17,0.8],"totalCred":106.42000467342844},{"account":{"active":false,"allocationHistory":[],"balance":"0","identity":{"address":"N\u0000sourcecred\u0000core\u0000IDENTITY\u0000VFaou0BJGkEO65oQggEBgw\u0000","aliases":[{"address":"N\u0000sourcecred\u0000ethereum\u00000x2Ccc7cD913677553766873483ed9eEDdB77A0Bb0\u0000","description":"0x2Ccc7cD913677553766873483ed9eEDdB77A0Bb0"}],"id":"VFaou0BJGkEO65oQggEBgw","name":"0x2Ccc---0Bb0","subtype":"USER"},"paid":"0","payoutAddresses":{}},"cred":[0,0,0,0,0,0,0,0,0,0,0,0,0,0,0,0,0,0,0,0,0,0,0,0,0,0,0,0,0,0,0,0,0,0,0,0,0,0,0,0,0,0,0,0,0,0,0,0,0,0,0,0,0,0,0,0,0,0,0,0,0,0,0,0,0,0,0,0,0,0,0,0,0,0,0,0,0,0,0,0,0,0,0,0,0,0,0,0,0,0,0,0,0,0,0,0,0,0,0,0,0,0,0,0,0,0,0,0,0,0,0,0,0,0,0,0,0,0,0,0,0,0,0,0,0,0,0,0,0,0,0,0,0,0,0,0,0,0,0,0,0,0,0,0,0,0,0,0,0,0],"totalCred":0},{"account":{"active":false,"allocationHistory":[],"balance":"0","identity":{"address":"N\u0000sourcecred\u0000core\u0000IDENTITY\u00001hw0KbIApbq79hYikOM8Xw\u0000","aliases":[{"address":"N\u0000sourcecred\u0000ethereum\u00000xb4124cEB3451635DAcedd11767f004d8a28c6eE7\u0000","description":"0xb4124cEB3451635DAcedd11767f004d8a28c6eE7"}],"id":"1hw0KbIApbq79hYikOM8Xw","name":"0xb412---6eE7","subtype":"USER"},"paid":"0","payoutAddresses":{}},"cred":[0,0,0,0,0,0,0,0,0,0,0,0,0,0,0,0,0,0,0,0,0,0,0,0,0,0,0,0,0,0,0,0,0,0,0,0,0,0,0,0,0,0,0,0,0,0,0,0,0,0,0,0,0,0,0,0,0,0,0,0,0,0,0,0,0,0,0,0,0,0,0,0,0,0,0,0,0,0,0,0,0,0,0,0,0,0,0,0,0,0,0,0,0,0,0,0,0,0,0,0,0,0,0,0,0,0,0,0,0,0,0,0,0,0,0,0,0,0,0,0,0,0,0,0,0,0,0,0,0,0,0,0,0,0,0,0,0,0,0,0,0,0,0,0,0,0,0,0,0,0],"totalCred":0},{"account":{"active":false,"allocationHistory":[],"balance":"0","identity":{"address":"N\u0000sourcecred\u0000core\u0000IDENTITY\u0000ezRReEq3L7W794YIvvDQOg\u0000","aliases":[{"address":"N\u0000sourcecred\u0000ethereum\u00000x8401Eb5ff34cc943f096A32EF3d5113FEbE8D4Eb\u0000","description":"0x8401Eb5ff34cc943f096A32EF3d5113FEbE8D4Eb"}],"id":"ezRReEq3L7W794YIvvDQOg","name":"0x8401---D4Eb","subtype":"USER"},"paid":"0","payoutAddresses":{}},"cred":[0,0,0,0,0,0,0,0,0,0,0,0,0,0,0,0,0,0,0,0,0,0,0,0,0,0,0,0,0,0,0,0,0,0,0,0,0,0,0,0,0,0,0,0,0,0,0,0,0,0,0,0,0,0,0,0,0,0,0,0,0,0,0,0,0,0,0,0,0,0,0,0,0,0,0,0,0,0,0,0,0,0,0,0,0,0,0,0,0,0,0,0,0,0,0,0,0,0,0,0,0,0,0,0,0,0,0,0,0,0,0,0,0,0,0,0,0,0,0,0,0,0,0,0,0,0,0,0,0,0,0,0,0,0,0,0,0,0,0,0,0,0,0,0,0,0,0,0,0,0],"totalCred":0}],"intervals":[{"endTimeMs":1520121600000,"startTimeMs":1519516800000},{"endTimeMs":1520726400000,"startTimeMs":1520121600000},{"endTimeMs":1521331200000,"startTimeMs":1520726400000},{"endTimeMs":1521936000000,"startTimeMs":1521331200000},{"endTimeMs":1522540800000,"startTimeMs":1521936000000},{"endTimeMs":1523145600000,"startTimeMs":1522540800000},{"endTimeMs":1523750400000,"startTimeMs":1523145600000},{"endTimeMs":1524355200000,"startTimeMs":1523750400000},{"endTimeMs":1524960000000,"startTimeMs":1524355200000},{"endTimeMs":1525564800000,"startTimeMs":1524960000000},{"endTimeMs":1526169600000,"startTimeMs":1525564800000},{"endTimeMs":1526774400000,"startTimeMs":1526169600000},{"endTimeMs":1527379200000,"startTimeMs":1526774400000},{"endTimeMs":1527984000000,"startTimeMs":1527379200000},{"endTimeMs":1528588800000,"startTimeMs":1527984000000},{"endTimeMs":1529193600000,"startTimeMs":1528588800000},{"endTimeMs":1529798400000,"startTimeMs":1529193600000},{"endTimeMs":1530403200000,"startTimeMs":1529798400000},{"endTimeMs":1531008000000,"startTimeMs":1530403200000},{"endTimeMs":1531612800000,"startTimeMs":1531008000000},{"endTimeMs":1532217600000,"startTimeMs":1531612800000},{"endTimeMs":1532822400000,"startTimeMs":1532217600000},{"endTimeMs":1533427200000,"startTimeMs":1532822400000},{"endTimeMs":1534032000000,"startTimeMs":1533427200000},{"endTimeMs":1534636800000,"startTimeMs":1534032000000},{"endTimeMs":1535241600000,"startTimeMs":1534636800000},{"endTimeMs":1535846400000,"startTimeMs":1535241600000},{"endTimeMs":1536451200000,"startTimeMs":1535846400000},{"endTimeMs":1537056000000,"startTimeMs":1536451200000},{"endTimeMs":1537660800000,"startTimeMs":1537056000000},{"endTimeMs":1538265600000,"startTimeMs":1537660800000},{"endTimeMs":1538870400000,"startTimeMs":1538265600000},{"endTimeMs":1539475200000,"startTimeMs":1538870400000},{"endTimeMs":1540080000000,"startTimeMs":1539475200000},{"endTimeMs":1540684800000,"startTimeMs":1540080000000},{"endTimeMs":1541289600000,"startTimeMs":1540684800000},{"endTimeMs":1541894400000,"startTimeMs":1541289600000},{"endTimeMs":1542499200000,"startTimeMs":1541894400000},{"endTimeMs":1543104000000,"startTimeMs":1542499200000},{"endTimeMs":1543708800000,"startTimeMs":1543104000000},{"endTimeMs":1544313600000,"startTimeMs":1543708800000},{"endTimeMs":1544918400000,"startTimeMs":1544313600000},{"endTimeMs":1545523200000,"startTimeMs":1544918400000},{"endTimeMs":1546128000000,"startTimeMs":1545523200000},{"endTimeMs":1546732800000,"startTimeMs":1546128000000},{"endTimeMs":1547337600000,"startTimeMs":1546732800000},{"endTimeMs":1547942400000,"startTimeMs":1547337600000},{"endTimeMs":1548547200000,"startTimeMs":1547942400000},{"endTimeMs":1549152000000,"startTimeMs":1548547200000},{"endTimeMs":1549756800000,"startTimeMs":1549152000000},{"endTimeMs":1550361600000,"startTimeMs":1549756800000},{"endTimeMs":1550966400000,"startTimeMs":1550361600000},{"endTimeMs":1551571200000,"startTimeMs":1550966400000},{"endTimeMs":1552176000000,"startTimeMs":1551571200000},{"endTimeMs":1552780800000,"startTimeMs":1552176000000},{"endTimeMs":1553385600000,"startTimeMs":1552780800000},{"endTimeMs":1553990400000,"startTimeMs":1553385600000},{"endTimeMs":1554595200000,"startTimeMs":1553990400000},{"endTimeMs":1555200000000,"startTimeMs":1554595200000},{"endTimeMs":1555804800000,"startTimeMs":1555200000000},{"endTimeMs":1556409600000,"startTimeMs":1555804800000},{"endTimeMs":1557014400000,"startTimeMs":1556409600000},{"endTimeMs":1557619200000,"startTimeMs":1557014400000},{"endTimeMs":1558224000000,"startTimeMs":1557619200000},{"endTimeMs":1558828800000,"startTimeMs":1558224000000},{"endTimeMs":1559433600000,"startTimeMs":1558828800000},{"endTimeMs":1560038400000,"startTimeMs":1559433600000},{"endTimeMs":1560643200000,"startTimeMs":1560038400000},{"endTimeMs":1561248000000,"startTimeMs":1560643200000},{"endTimeMs":1561852800000,"startTimeMs":1561248000000},{"endTimeMs":1562457600000,"startTimeMs":1561852800000},{"endTimeMs":1563062400000,"startTimeMs":1562457600000},{"endTimeMs":1563667200000,"startTimeMs":1563062400000},{"endTimeMs":1564272000000,"startTimeMs":1563667200000},{"endTimeMs":1564876800000,"startTimeMs":1564272000000},{"endTimeMs":1565481600000,"startTimeMs":1564876800000},{"endTimeMs":1566086400000,"startTimeMs":1565481600000},{"endTimeMs":1566691200000,"startTimeMs":1566086400000},{"endTimeMs":1567296000000,"startTimeMs":1566691200000},{"endTimeMs":1567900800000,"startTimeMs":1567296000000},{"endTimeMs":1568505600000,"startTimeMs":1567900800000},{"endTimeMs":1569110400000,"startTimeMs":1568505600000},{"endTimeMs":1569715200000,"startTimeMs":1569110400000},{"endTimeMs":1570320000000,"startTimeMs":1569715200000},{"endTimeMs":1570924800000,"startTimeMs":1570320000000},{"endTimeMs":1571529600000,"startTimeMs":1570924800000},{"endTimeMs":1572134400000,"startTimeMs":1571529600000},{"endTimeMs":1572739200000,"startTimeMs":1572134400000},{"endTimeMs":1573344000000,"startTimeMs":1572739200000},{"endTimeMs":1573948800000,"startTimeMs":1573344000000},{"endTimeMs":1574553600000,"startTimeMs":1573948800000},{"endTimeMs":1575158400000,"startTimeMs":1574553600000},{"endTimeMs":1575763200000,"startTimeMs":1575158400000},{"endTimeMs":1576368000000,"startTimeMs":1575763200000},{"endTimeMs":1576972800000,"startTimeMs":1576368000000},{"endTimeMs":1577577600000,"startTimeMs":1576972800000},{"endTimeMs":1578182400000,"startTimeMs":1577577600000},{"endTimeMs":1578787200000,"startTimeMs":1578182400000},{"endTimeMs":1579392000000,"startTimeMs":1578787200000},{"endTimeMs":1579996800000,"startTimeMs":1579392000000},{"endTimeMs":1580601600000,"startTimeMs":1579996800000},{"endTimeMs":1581206400000,"startTimeMs":1580601600000},{"endTimeMs":1581811200000,"startTimeMs":1581206400000},{"endTimeMs":1582416000000,"startTimeMs":1581811200000},{"endTimeMs":1583020800000,"startTimeMs":1582416000000},{"endTimeMs":1583625600000,"startTimeMs":1583020800000},{"endTimeMs":1584230400000,"startTimeMs":1583625600000},{"endTimeMs":1584835200000,"startTimeMs":1584230400000},{"endTimeMs":1585440000000,"startTimeMs":1584835200000},{"endTimeMs":1586044800000,"startTimeMs":1585440000000},{"endTimeMs":1586649600000,"startTimeMs":1586044800000},{"endTimeMs":1587254400000,"startTimeMs":1586649600000},{"endTimeMs":1587859200000,"startTimeMs":1587254400000},{"endTimeMs":1588464000000,"startTimeMs":1587859200000},{"endTimeMs":1589068800000,"startTimeMs":1588464000000},{"endTimeMs":1589673600000,"startTimeMs":1589068800000},{"endTimeMs":1590278400000,"startTimeMs":1589673600000},{"endTimeMs":1590883200000,"startTimeMs":1590278400000},{"endTimeMs":1591488000000,"startTimeMs":1590883200000},{"endTimeMs":1592092800000,"startTimeMs":1591488000000},{"endTimeMs":1592697600000,"startTimeMs":1592092800000},{"endTimeMs":1593302400000,"startTimeMs":1592697600000},{"endTimeMs":1593907200000,"startTimeMs":1593302400000},{"endTimeMs":1594512000000,"startTimeMs":1593907200000},{"endTimeMs":1595116800000,"startTimeMs":1594512000000},{"endTimeMs":1595721600000,"startTimeMs":1595116800000},{"endTimeMs":1596326400000,"startTimeMs":1595721600000},{"endTimeMs":1596931200000,"startTimeMs":1596326400000},{"endTimeMs":1597536000000,"startTimeMs":1596931200000},{"endTimeMs":1598140800000,"startTimeMs":1597536000000},{"endTimeMs":1598745600000,"startTimeMs":1598140800000},{"endTimeMs":1599350400000,"startTimeMs":1598745600000},{"endTimeMs":1599955200000,"startTimeMs":1599350400000},{"endTimeMs":1600560000000,"startTimeMs":1599955200000},{"endTimeMs":1601164800000,"startTimeMs":1600560000000},{"endTimeMs":1601769600000,"startTimeMs":1601164800000},{"endTimeMs":1602374400000,"startTimeMs":1601769600000},{"endTimeMs":1602979200000,"startTimeMs":1602374400000},{"endTimeMs":1603584000000,"startTimeMs":1602979200000},{"endTimeMs":1604188800000,"startTimeMs":1603584000000},{"endTimeMs":1604793600000,"startTimeMs":1604188800000},{"endTimeMs":1605398400000,"startTimeMs":1604793600000},{"endTimeMs":1606003200000,"startTimeMs":1605398400000},{"endTimeMs":1606608000000,"startTimeMs":1606003200000},{"endTimeMs":1607212800000,"startTimeMs":1606608000000},{"endTimeMs":1607817600000,"startTimeMs":1607212800000},{"endTimeMs":1608422400000,"startTimeMs":1607817600000},{"endTimeMs":1609027200000,"startTimeMs":1608422400000},{"endTimeMs":1609632000000,"startTimeMs":1609027200000},{"endTimeMs":1610236800000,"startTimeMs":1609632000000}],"unclaimedAliases":[]}